[13:59:06] [ServerMain/INFO]: Environment: Environment[sessionHost=https://sessionserver.mojang.com, servicesHost=https://api.minecraftservices.com, name=PROD]
[13:59:07] [ServerMain/WARN]: Missing data pack fabric
[13:59:08] [ServerMain/INFO]: Loaded 1174 recipes
[13:59:08] [ServerMain/INFO]: Loaded 1271 advancements
[13:59:08] [Server thread/INFO]: Starting minecraft server version 1.20.4
[13:59:08] [Server thread/INFO]: Loading properties
[13:59:08] [Server thread/INFO]: This server is running Paper version git-Paper-499 (MC: 1.20.4) (Implementing API version 1.20.4-R0.1-SNAPSHOT) (Git: 9de3f75 on ver/1.20.4)
[13:59:09] [Server thread/INFO]: Server Ping Player Sample Count: 12
[13:59:09] [Server thread/INFO]: Using 4 threads for Netty based IO
[13:59:09] [Server thread/WARN]: [!] The timings profiler has been enabled but has been scheduled for removal from Paper in the future.
    We recommend installing the spark profiler as a replacement: https://spark.lucko.me/
    For more information please visit: https://github.com/PaperMC/Paper/issues/8948
[13:59:10] [Server thread/INFO]: [ChunkTaskScheduler] Chunk system is using 1 I/O threads, 1 worker threads, and gen parallelism of 1 threads
[13:59:10] [Server thread/INFO]: Default game type: SURVIVAL
[13:59:10] [Server thread/INFO]: Generating keypair
[13:59:10] [Server thread/INFO]: Starting Minecraft server on *:25565
[13:59:10] [Server thread/INFO]: Using default channel type
[13:59:10] [Server thread/INFO]: Paper: Using libdeflate (Linux x86_64) compression from Velocity.
[13:59:10] [Server thread/INFO]: Paper: Using OpenSSL 3.0.x (Linux x86_64) cipher from Velocity.
[13:59:10] [Server thread/INFO]: [ViaVersion] Loading server plugin ViaVersion v5.3.2
[13:59:10] [Server thread/INFO]: [ViaVersion] ViaVersion 5.3.2 is now loaded. Registering protocol transformers and injecting...
[13:59:11] [Via-Mappingloader-0/INFO]: [ViaVersion] Loading block connection mappings ...
[13:59:11] [Via-Mappingloader-0/INFO]: [ViaVersion] Using FastUtil Long2ObjectOpenHashMap for block connections
[13:59:11] [Server thread/INFO]: [ViaBackwards] Loading translations...
[13:59:11] [Server thread/INFO]: [ViaBackwards] Registering protocols...
[13:59:12] [Server thread/INFO]: [ViaBackwards] Loading server plugin ViaBackwards v5.3.2
[13:59:12] [Server thread/INFO]: [SkinsRestorer] Loading server plugin SkinsRestorer v15.6.3
[13:59:12] [Server thread/INFO]: [AutoMessage] Loading server plugin AutoMessage v1.0.2
[13:59:12] [Server thread/INFO]: [FreezeHibernate] Loading server plugin FreezeHibernate v1.0
[13:59:12] [Server thread/INFO]: Server permissions file permissions.yml is empty, ignoring it
[13:59:12] [Server thread/INFO]: [SkinsRestorer] Enabling SkinsRestorer v15.6.3
[13:59:12] [Server thread/INFO]: [SkinsRestorer] Running on Minecraft 1.20.4.
[13:59:13] [Server thread/INFO]: [SkinsRestorer] Using paper join listener!
[13:59:13] [Server thread/WARN]: **** SERVER IS RUNNING IN OFFLINE/INSECURE MODE!
[13:59:13] [Server thread/WARN]: The server will make no attempt to authenticate usernames. Beware.
[13:59:13] [Server thread/WARN]: While this makes the game possible to play without internet access, it also opens up the ability for hackers to connect with any username they choose.
[13:59:13] [Server thread/WARN]: To change this, set "online-mode" to "true" in the server.properties file.
[13:59:13] [Server thread/INFO]: Preparing level "world"
[13:59:13] [Folia Async Scheduler Thread #1/INFO]: [SkinsRestorer] ----------------------------------------------
[13:59:13] [Folia Async Scheduler Thread #1/INFO]: [SkinsRestorer]     +==================+
[13:59:13] [Folia Async Scheduler Thread #1/INFO]: [SkinsRestorer]     |   SkinsRestorer  |
[13:59:13] [Folia Async Scheduler Thread #1/INFO]: [SkinsRestorer]     |------------------|
[13:59:13] [Folia Async Scheduler Thread #1/INFO]: [SkinsRestorer]     |  Standalone Mode |
[13:59:13] [Folia Async Scheduler Thread #1/INFO]: [SkinsRestorer]     +==================+
[13:59:13] [Folia Async Scheduler Thread #1/INFO]: [SkinsRestorer] ----------------------------------------------
[13:59:13] [Folia Async Scheduler Thread #1/INFO]: [SkinsRestorer]     Version: 15.6.3
[13:59:13] [Folia Async Scheduler Thread #1/INFO]: [SkinsRestorer]     Commit: 7eb6dc6
[13:59:13] [Folia Async Scheduler Thread #1/INFO]: [SkinsRestorer]     This is the latest version!
[13:59:13] [Folia Async Scheduler Thread #1/INFO]: [SkinsRestorer] ----------------------------------------------
[13:59:13] [Folia Async Scheduler Thread #1/INFO]: [SkinsRestorer] Do you have issues? Read our troubleshooting guide: https://skinsrestorer.net/docs/troubleshooting
[13:59:13] [Folia Async Scheduler Thread #1/INFO]: [SkinsRestorer] Want to support SkinsRestorer? Consider donating: https://skinsrestorer.net/donate
[13:59:13] [Server thread/INFO]: ---- Migration of old nether folder required ----
[13:59:13] [Server thread/INFO]: Unfortunately due to the way that Minecraft implemented multiworld support in 1.6, Bukkit requires that you move your nether folder to a new location in order to operate correctly.
[13:59:13] [Server thread/INFO]: We will move this folder for you, but it will mean that you need to move it back should you wish to stop using Bukkit in the future.
[13:59:13] [Server thread/INFO]: Attempting to move world/DIM-1 to world_nether/DIM-1...
[13:59:13] [Server thread/INFO]: Success! To restore nether in the future, simply move world_nether/DIM-1 to world/DIM-1
[13:59:13] [Server thread/INFO]: ---- Migration of old nether folder complete ----
[13:59:13] [Server thread/INFO]: ---- Migration of old the_end folder required ----
[13:59:13] [Server thread/INFO]: Unfortunately due to the way that Minecraft implemented multiworld support in 1.6, Bukkit requires that you move your the_end folder to a new location in order to operate correctly.
[13:59:13] [Server thread/INFO]: We will move this folder for you, but it will mean that you need to move it back should you wish to stop using Bukkit in the future.
[13:59:13] [Server thread/INFO]: Attempting to move world/DIM1 to world_the_end/DIM1...
[13:59:13] [Server thread/INFO]: Success! To restore the_end in the future, simply move world_the_end/DIM1 to world/DIM1
[13:59:13] [Server thread/INFO]: ---- Migration of old the_end folder complete ----
[13:59:13] [Server thread/INFO]: Preparing start region for dimension minecraft:overworld
[13:59:13] [Server thread/INFO]: Time elapsed: 169 ms
[13:59:13] [Server thread/INFO]: Preparing start region for dimension minecraft:the_nether
[13:59:13] [Server thread/INFO]: Time elapsed: 127 ms
[13:59:13] [Server thread/INFO]: Preparing start region for dimension minecraft:the_end
[13:59:13] [Server thread/INFO]: Time elapsed: 68 ms
[13:59:13] [Server thread/INFO]: [ViaVersion] Enabling ViaVersion v5.3.2
[13:59:14] [Server thread/INFO]: [ViaVersion] ViaVersion detected server version: 1.20.3-1.20.4 (765)
[13:59:14] [Server thread/INFO]: [ViaBackwards] Enabling ViaBackwards v5.3.2
[13:59:14] [Server thread/INFO]: [AutoMessage] Enabling AutoMessage v1.0.2
[13:59:14] [Server thread/INFO]: [AutoMessage] Edited command automessage via configuration.
[13:59:14] [Server thread/INFO]: [AutoMessage] Enabled plugin in 762ms.
[13:59:14] [Server thread/INFO]: [FreezeHibernate] Enabling FreezeHibernate v1.0
[13:59:14] [Server thread/INFO]: [FreezeHibernate] Server is frozen until a player joins.
[13:59:15] [Server thread/INFO]: Running delayed init tasks
[13:59:15] [Server thread/INFO]: Done (6.353s)! For help, type "help"
[13:59:15] [Server thread/INFO]: Timings Reset
[13:59:15] [Craft Scheduler Thread - 2 - ViaVersion/INFO]: [ViaVersion] Finished mapping loading, shutting down loader executor.
[14:01:14] [User Authenticator #0/INFO]: UUID of player masterlegendmc is d7e28302-83f7-3fa3-ae6a-f84124b40b5a
[14:01:14] [Server thread/INFO]: [FreezeHibernate] A player joined. Server is now unfrozen.
[14:01:14] [Server thread/INFO]: masterlegendmc joined the game
[14:01:14] [Server thread/INFO]: masterlegendmc[/127.85.58.125:58241] logged in with entity id 170 at ([world]20.646121733793745, 63.0, 567.6001085169207)
